---
source: crates/coducktor-tui/src/screens/terminal.rs
expression: terminal.backend().buffer()
---
Buffer {
    area: Rect { x: 0, y: 0, width: 80, height: 24 },
    content: [
        " [=] coducktor / main /p/main/terminal  [running 0] [needs 0]                   ",
        "┌TERMINAL — main───────────────────────────────────────────────────────────────┐",
        "│coducktor ready                                                               │",
        "│$                                                                             │",
        "│                                                                              │",
        "│                                                                              │",
        "│                                                                              │",
        "│                                                                              │",
        "│                                                                              │",
        "│                                                                              │",
        "│                                                                              │",
        "│                                                                              │",
        "│                                                                              │",
        "│                                                                              │",
        "│                                                                              │",
        "│                                                                              │",
        "│                                                                              │",
        "│                                                                              │",
        "│                                                                              │",
        "│                                                                              │",
        "│                                                                              │",
        "│/tmp/project  ·  Ctrl-W h to leave                                            │",
        "└──────────────────────────────────────────────────────────────────────────────┘",
        " INSERT  FOCUS: CONTENT — Ctrl-W h/l changes window  ·  main  lazyvim  v0.1.0  [",
    ],
    styles: [
        x: 0, y: 0, fg: Rgb(122, 162, 247), bg: Rgb(36, 40, 59), underline: Reset, modifier: BOLD,
        x: 15, y: 0, fg: Rgb(192, 202, 245), bg: Rgb(36, 40, 59), underline: Reset, modifier: NONE,
        x: 38, y: 0, fg: Reset, bg: Rgb(36, 40, 59), underline: Reset, modifier: NONE,
        x: 40, y: 0, fg: Rgb(100, 180, 255), bg: Rgb(36, 40, 59), underline: Reset, modifier: NONE,
        x: 51, y: 0, fg: Reset, bg: Rgb(36, 40, 59), underline: Reset, modifier: NONE,
        x: 52, y: 0, fg: Rgb(245, 190, 80), bg: Rgb(36, 40, 59), underline: Reset, modifier: NONE,
        x: 61, y: 0, fg: Reset, bg: Rgb(36, 40, 59), underline: Reset, modifier: NONE,
        x: 0, y: 1, fg: Reset, bg: Rgb(26, 27, 38), underline: Reset, modifier: NONE,
        x: 1, y: 2, fg: Indexed(1), bg: Rgb(26, 27, 38), underline: Reset, modifier: BOLD,
        x: 10, y: 2, fg: Rgb(192, 202, 245), bg: Rgb(26, 27, 38), underline: Reset, modifier: NONE,
        x: 16, y: 2, fg: Reset, bg: Rgb(26, 27, 38), underline: Reset, modifier: NONE,
        x: 1, y: 3, fg: Indexed(2), bg: Rgb(26, 27, 38), underline: Reset, modifier: NONE,
        x: 2, y: 3, fg: Rgb(192, 202, 245), bg: Rgb(26, 27, 38), underline: Reset, modifier: NONE,
        x: 3, y: 3, fg: Rgb(192, 202, 245), bg: Rgb(26, 27, 38), underline: Reset, modifier: REVERSED,
        x: 4, y: 3, fg: Reset, bg: Rgb(26, 27, 38), underline: Reset, modifier: NONE,
        x: 1, y: 21, fg: Rgb(130, 139, 184), bg: Rgb(26, 27, 38), underline: Reset, modifier: NONE,
        x: 35, y: 21, fg: Reset, bg: Rgb(26, 27, 38), underline: Reset, modifier: NONE,
        x: 0, y: 23, fg: Rgb(130, 139, 184), bg: Rgb(36, 40, 59), underline: Reset, modifier: NONE,
    ]
}
