---
source: crates/coducktor-tui/src/screens/thread/mod.rs
expression: terminal.backend().buffer()
---
Buffer {
    area: Rect { x: 0, y: 0, width: 80, height: 24 },
    content: [
        " [=] coducktor / main /p/main/tasks/run-1  [running 0] [needs 0]                ",
        "Ship the shell  [needs review] ●                                                ",
        "quick-task  0 tok  $0.00                                                        ",
        " Session  Changes  Files  Commits                                               ",
        "[Finish] [Continue] [Archive] [Delete]                                          ",
        "                                                                                ",
        "▸ agent  step 1 of 1                                                            ",
        " Session  ·  Waiting for review ────────────────────────────────────────────────",
        "▌ Ship the shell                                                                ",
        "                                                                                ",
        "───────────────────────── ◆ PAUSED FOR REVIEW · 0 tok ──────────────────────────",
        "                                                                                ",
        "                                                                                ",
        "Review the changes before anything lands.                                       ",
        "notes:                                                                          ",
        "[Send back] [Draft PR] [Accept]                                                 ",
        "Enter · follow up                                                               ",
        "───────────────────────── ◆ PAUSED FOR REVIEW · 0 tok ──────────────────────────",
        "┌ FOLLOW UP ───────────────────────────────────────────────────────────────────┐",
        "│                                                                              │",
        "│                                                                              │",
        "│                                                                              │",
        "└──────────────────────────────────────────────────────────────────────────────┘",
        " INSERT  FOCUS: CONTENT — Ctrl-W h/l changes window  ·  main  lazyvim  v0.1.0  [",
    ],
    styles: [
        x: 0, y: 0, fg: Rgb(122, 162, 247), bg: Rgb(36, 40, 59), underline: Reset, modifier: BOLD,
        x: 15, y: 0, fg: Rgb(192, 202, 245), bg: Rgb(36, 40, 59), underline: Reset, modifier: NONE,
        x: 41, y: 0, fg: Reset, bg: Rgb(36, 40, 59), underline: Reset, modifier: NONE,
        x: 43, y: 0, fg: Rgb(100, 180, 255), bg: Rgb(36, 40, 59), underline: Reset, modifier: NONE,
        x: 54, y: 0, fg: Reset, bg: Rgb(36, 40, 59), underline: Reset, modifier: NONE,
        x: 55, y: 0, fg: Rgb(245, 190, 80), bg: Rgb(36, 40, 59), underline: Reset, modifier: NONE,
        x: 64, y: 0, fg: Reset, bg: Rgb(36, 40, 59), underline: Reset, modifier: NONE,
        x: 0, y: 1, fg: Rgb(192, 202, 245), bg: Reset, underline: Reset, modifier: BOLD,
        x: 14, y: 1, fg: Rgb(192, 202, 245), bg: Reset, underline: Reset, modifier: NONE,
        x: 16, y: 1, fg: Rgb(190, 130, 245), bg: Reset, underline: Reset, modifier: NONE,
        x: 32, y: 1, fg: Rgb(192, 202, 245), bg: Reset, underline: Reset, modifier: NONE,
        x: 0, y: 2, fg: Rgb(130, 139, 184), bg: Reset, underline: Reset, modifier: NONE,
        x: 24, y: 2, fg: Rgb(192, 202, 245), bg: Reset, underline: Reset, modifier: NONE,
        x: 0, y: 3, fg: Rgb(122, 162, 247), bg: Reset, underline: Reset, modifier: BOLD,
        x: 9, y: 3, fg: Rgb(130, 139, 184), bg: Reset, underline: Reset, modifier: NONE,
        x: 34, y: 3, fg: Rgb(192, 202, 245), bg: Reset, underline: Reset, modifier: NONE,
        x: 0, y: 5, fg: Reset, bg: Reset, underline: Reset, modifier: NONE,
        x: 0, y: 6, fg: Rgb(130, 139, 184), bg: Reset, underline: Reset, modifier: NONE,
        x: 2, y: 6, fg: Rgb(192, 202, 245), bg: Reset, underline: Reset, modifier: NONE,
        x: 7, y: 6, fg: Rgb(130, 139, 184), bg: Reset, underline: Reset, modifier: NONE,
        x: 20, y: 6, fg: Reset, bg: Reset, underline: Reset, modifier: NONE,
        x: 0, y: 7, fg: Rgb(65, 72, 104), bg: Reset, underline: Reset, modifier: NONE,
        x: 1, y: 8, fg: Reset, bg: Reset, underline: Reset, modifier: NONE,
        x: 2, y: 8, fg: Rgb(192, 202, 245), bg: Reset, underline: Reset, modifier: NONE,
        x: 0, y: 9, fg: Reset, bg: Reset, underline: Reset, modifier: NONE,
        x: 0, y: 10, fg: Rgb(190, 130, 245), bg: Reset, underline: Reset, modifier: DIM,
        x: 25, y: 10, fg: Reset, bg: Reset, underline: Reset, modifier: NONE,
        x: 26, y: 10, fg: Rgb(190, 130, 245), bg: Reset, underline: Reset, modifier: BOLD,
        x: 53, y: 10, fg: Reset, bg: Reset, underline: Reset, modifier: NONE,
        x: 54, y: 10, fg: Rgb(190, 130, 245), bg: Reset, underline: Reset, modifier: DIM,
        x: 0, y: 11, fg: Reset, bg: Reset, underline: Reset, modifier: NONE,
        x: 0, y: 13, fg: Rgb(190, 130, 245), bg: Reset, underline: Reset, modifier: BOLD,
        x: 41, y: 13, fg: Reset, bg: Reset, underline: Reset, modifier: NONE,
        x: 0, y: 14, fg: Rgb(130, 139, 184), bg: Reset, underline: Reset, modifier: NONE,
        x: 7, y: 14, fg: Reset, bg: Reset, underline: Reset, modifier: NONE,
        x: 0, y: 15, fg: Rgb(192, 202, 245), bg: Reset, underline: Reset, modifier: NONE,
        x: 32, y: 15, fg: Reset, bg: Reset, underline: Reset, modifier: NONE,
        x: 0, y: 16, fg: Rgb(130, 139, 184), bg: Reset, underline: Reset, modifier: NONE,
        x: 17, y: 16, fg: Reset, bg: Reset, underline: Reset, modifier: NONE,
        x: 0, y: 17, fg: Rgb(190, 130, 245), bg: Reset, underline: Reset, modifier: DIM,
        x: 25, y: 17, fg: Reset, bg: Reset, underline: Reset, modifier: NONE,
        x: 26, y: 17, fg: Rgb(190, 130, 245), bg: Reset, underline: Reset, modifier: BOLD,
        x: 53, y: 17, fg: Reset, bg: Reset, underline: Reset, modifier: NONE,
        x: 54, y: 17, fg: Rgb(190, 130, 245), bg: Reset, underline: Reset, modifier: DIM,
        x: 0, y: 18, fg: Rgb(122, 162, 247), bg: Reset, underline: Reset, modifier: NONE,
        x: 1, y: 19, fg: Reset, bg: Reset, underline: Reset, modifier: NONE,
        x: 2, y: 19, fg: Rgb(26, 27, 38), bg: Rgb(122, 162, 247), underline: Reset, modifier: NONE,
        x: 3, y: 19, fg: Reset, bg: Reset, underline: Reset, modifier: NONE,
        x: 79, y: 19, fg: Rgb(122, 162, 247), bg: Reset, underline: Reset, modifier: NONE,
        x: 1, y: 20, fg: Reset, bg: Reset, underline: Reset, modifier: NONE,
        x: 79, y: 20, fg: Rgb(122, 162, 247), bg: Reset, underline: Reset, modifier: NONE,
        x: 1, y: 21, fg: Reset, bg: Reset, underline: Reset, modifier: NONE,
        x: 79, y: 21, fg: Rgb(122, 162, 247), bg: Reset, underline: Reset, modifier: NONE,
        x: 0, y: 23, fg: Rgb(130, 139, 184), bg: Rgb(36, 40, 59), underline: Reset, modifier: NONE,
    ]
}
