---
source: crates/coducktor-tui/src/screens/github/mod.rs
expression: terminal.backend().buffer()
---
Buffer {
    area: Rect { x: 0, y: 0, width: 200, height: 60 },
    content: [
        " [=] coducktor / main /p/main/github  [running 0] [needs 0]                                                                                                                                             ",
        "  PROJECTS                   Issues · 1  Pull requests · 1                                                                                                                                              ",
        "  - main                    ┌Issues────────────────────────────────────────┐#12  Fix the thing #12   bug                                                                                                ",
        "    Chats                   │  #12  Fix the thing #12  ·2                  │┌Body──────────────────────────────────────────────────────────────────────────────────────────────────────────────────────┐",
        "    Scratchpad              │                                              ││The thing is broken.                                                                                                      │",
        "    IDE                     │                                              ││                                                                                                                          │",
        "    Terminal                │                                              ││See the URL.                                                                                                              │",
        "    Git                     │                                              ││                                                                                                                          │",
        "  ▸ GitHub                  │                                              ││                                                                                                                          │",
        "    Skills                  │                                              ││                                                                                                                          │",
        "    Settings                │                                              ││                                                                                                                          │",
        "                            │                                              ││                                                                                                                          │",
        "  WORKSPACE                 │                                              ││                                                                                                                          │",
        "    All chats               │                                              ││                                                                                                                          │",
        "    Settings                │                                              ││                                                                                                                          │",
        "                            │                                              ││                                                                                                                          │",
        "                            │                                              ││                                                                                                                          │",
        "                            │                                              ││                                                                                                                          │",
        "                            │                                              ││                                                                                                                          │",
        "                            │                                              ││                                                                                                                          │",
        "                            │                                              ││                                                                                                                          │",
        "                            │                                              ││                                                                                                                          │",
        "                            │                                              ││                                                                                                                          │",
        "                            │                                              ││                                                                                                                          │",
        "                            │                                              ││                                                                                                                          │",
        "                            │                                              ││                                                                                                                          │",
        "                            │                                              ││                                                                                                                          │",
        "                            │                                              ││                                                                                                                          │",
        "                            │                                              ││                                                                                                                          │",
        "                            │                                              ││                                                                                                                          │",
        "                            │                                              │└──────────────────────────────────────────────────────────────────────────────────────────────────────────────────────────┘",
        "                            │                                              │┌Comments──────────────────────────────────────────────────────────────────────────────────────────────────────────────────┐",
        "                            │                                              ││bob · I can repro this locally.                                                                                           │",
        "                            │                                              ││                                                                                                                          │",
        "                            │                                              ││                                                                                                                          │",
        "                            │                                              ││                                                                                                                          │",
        "                            │                                              ││                                                                                                                          │",
        "                            │                                              ││                                                                                                                          │",
        "                            │                                              ││                                                                                                                          │",
        "                            │                                              ││                                                                                                                          │",
        "                            │                                              ││                                                                                                                          │",
        "                            │                                              ││                                                                                                                          │",
        "                            │                                              ││                                                                                                                          │",
        "                            │                                              ││                                                                                                                          │",
        "                            │                                              ││                                                                                                                          │",
        "                            │                                              ││                                                                                                                          │",
        "                            │                                              ││                                                                                                                          │",
        "                            │                                              ││                                                                                                                          │",
        "                            │                                              ││                                                                                                                          │",
        "                            │                                              ││                                                                                                                          │",
        "                            │                                              ││                                                                                                                          │",
        "                            │                                              ││                                                                                                                          │",
        "                            │                                              ││                                                                                                                          │",
        "                            │                                              ││                                                                                                                          │",
        "                            │                                              ││                                                                                                                          │",
        "                            │                                              ││                                                                                                                          │",
        "                            │                                              ││                                                                                                                          │",
        "                            │                                              │└──────────────────────────────────────────────────────────────────────────────────────────────────────────────────────────┘",
        "                            └──────────────────────────────────────────────┘Hand this to the agent:  skills: none   Open in New Chat                                                                    ",
        " NORMAL  FOCUS: GITHUB LIST — ↑↓ choose item · Enter open  ·  main  lazyvim  v0.1.0  [providers --]  :help                                                                                              ",
    ],
    styles: [
        x: 0, y: 0, fg: Rgb(122, 162, 247), bg: Rgb(36, 40, 59), underline: Reset, modifier: BOLD,
        x: 15, y: 0, fg: Rgb(192, 202, 245), bg: Rgb(36, 40, 59), underline: Reset, modifier: NONE,
        x: 36, y: 0, fg: Reset, bg: Rgb(36, 40, 59), underline: Reset, modifier: NONE,
        x: 38, y: 0, fg: Rgb(100, 180, 255), bg: Rgb(36, 40, 59), underline: Reset, modifier: NONE,
        x: 49, y: 0, fg: Reset, bg: Rgb(36, 40, 59), underline: Reset, modifier: NONE,
        x: 50, y: 0, fg: Rgb(245, 190, 80), bg: Rgb(36, 40, 59), underline: Reset, modifier: NONE,
        x: 59, y: 0, fg: Reset, bg: Rgb(36, 40, 59), underline: Reset, modifier: NONE,
        x: 0, y: 1, fg: Rgb(130, 139, 184), bg: Rgb(36, 40, 59), underline: Reset, modifier: NONE,
        x: 10, y: 1, fg: Reset, bg: Rgb(36, 40, 59), underline: Reset, modifier: NONE,
        x: 28, y: 1, fg: Rgb(122, 162, 247), bg: Rgb(26, 27, 38), underline: Reset, modifier: BOLD,
        x: 40, y: 1, fg: Rgb(130, 139, 184), bg: Rgb(26, 27, 38), underline: Reset, modifier: NONE,
        x: 59, y: 1, fg: Reset, bg: Rgb(26, 27, 38), underline: Reset, modifier: NONE,
        x: 0, y: 2, fg: Rgb(122, 162, 247), bg: Rgb(36, 40, 59), underline: Reset, modifier: BOLD,
        x: 8, y: 2, fg: Reset, bg: Rgb(36, 40, 59), underline: Reset, modifier: NONE,
        x: 28, y: 2, fg: Rgb(122, 162, 247), bg: Rgb(26, 27, 38), underline: Reset, modifier: NONE,
        x: 76, y: 2, fg: Rgb(192, 202, 245), bg: Rgb(26, 27, 38), underline: Reset, modifier: BOLD,
        x: 98, y: 2, fg: Rgb(122, 162, 247), bg: Rgb(26, 27, 38), underline: Reset, modifier: NONE,
        x: 104, y: 2, fg: Reset, bg: Rgb(26, 27, 38), underline: Reset, modifier: NONE,
        x: 0, y: 3, fg: Rgb(192, 202, 245), bg: Rgb(36, 40, 59), underline: Reset, modifier: NONE,
        x: 9, y: 3, fg: Reset, bg: Rgb(36, 40, 59), underline: Reset, modifier: NONE,
        x: 28, y: 3, fg: Rgb(122, 162, 247), bg: Rgb(26, 27, 38), underline: Reset, modifier: NONE,
        x: 29, y: 3, fg: Reset, bg: Rgb(26, 27, 38), underline: Reset, modifier: NONE,
        x: 31, y: 3, fg: Rgb(192, 202, 245), bg: Rgb(26, 27, 38), underline: Reset, modifier: REVERSED,
        x: 53, y: 3, fg: Rgb(130, 139, 184), bg: Rgb(26, 27, 38), underline: Reset, modifier: NONE,
        x: 57, y: 3, fg: Reset, bg: Rgb(26, 27, 38), underline: Reset, modifier: NONE,
        x: 75, y: 3, fg: Rgb(122, 162, 247), bg: Rgb(26, 27, 38), underline: Reset, modifier: NONE,
        x: 76, y: 3, fg: Reset, bg: Rgb(26, 27, 38), underline: Reset, modifier: NONE,
        x: 0, y: 4, fg: Rgb(192, 202, 245), bg: Rgb(36, 40, 59), underline: Reset, modifier: NONE,
        x: 14, y: 4, fg: Reset, bg: Rgb(36, 40, 59), underline: Reset, modifier: NONE,
        x: 28, y: 4, fg: Rgb(122, 162, 247), bg: Rgb(26, 27, 38), underline: Reset, modifier: NONE,
        x: 29, y: 4, fg: Reset, bg: Rgb(26, 27, 38), underline: Reset, modifier: NONE,
        x: 75, y: 4, fg: Rgb(122, 162, 247), bg: Rgb(26, 27, 38), underline: Reset, modifier: NONE,
        x: 76, y: 4, fg: Reset, bg: Rgb(26, 27, 38), underline: Reset, modifier: NONE,
        x: 0, y: 5, fg: Rgb(192, 202, 245), bg: Rgb(36, 40, 59), underline: Reset, modifier: NONE,
        x: 7, y: 5, fg: Reset, bg: Rgb(36, 40, 59), underline: Reset, modifier: NONE,
        x: 28, y: 5, fg: Rgb(122, 162, 247), bg: Rgb(26, 27, 38), underline: Reset, modifier: NONE,
        x: 29, y: 5, fg: Reset, bg: Rgb(26, 27, 38), underline: Reset, modifier: NONE,
        x: 75, y: 5, fg: Rgb(122, 162, 247), bg: Rgb(26, 27, 38), underline: Reset, modifier: NONE,
        x: 76, y: 5, fg: Reset, bg: Rgb(26, 27, 38), underline: Reset, modifier: NONE,
        x: 0, y: 6, fg: Rgb(192, 202, 245), bg: Rgb(36, 40, 59), underline: Reset, modifier: NONE,
        x: 12, y: 6, fg: Reset, bg: Rgb(36, 40, 59), underline: Reset, modifier: NONE,
        x: 28, y: 6, fg: Rgb(122, 162, 247), bg: Rgb(26, 27, 38), underline: Reset, modifier: NONE,
        x: 29, y: 6, fg: Reset, bg: Rgb(26, 27, 38), underline: Reset, modifier: NONE,
        x: 75, y: 6, fg: Rgb(122, 162, 247), bg: Rgb(26, 27, 38), underline: Reset, modifier: NONE,
        x: 76, y: 6, fg: Reset, bg: Rgb(26, 27, 38), underline: Reset, modifier: NONE,
        x: 0, y: 7, fg: Rgb(192, 202, 245), bg: Rgb(36, 40, 59), underline: Reset, modifier: NONE,
        x: 7, y: 7, fg: Reset, bg: Rgb(36, 40, 59), underline: Reset, modifier: NONE,
        x: 28, y: 7, fg: Rgb(122, 162, 247), bg: Rgb(26, 27, 38), underline: Reset, modifier: NONE,
        x: 29, y: 7, fg: Reset, bg: Rgb(26, 27, 38), underline: Reset, modifier: NONE,
        x: 75, y: 7, fg: Rgb(122, 162, 247), bg: Rgb(26, 27, 38), underline: Reset, modifier: NONE,
        x: 76, y: 7, fg: Reset, bg: Rgb(26, 27, 38), underline: Reset, modifier: NONE,
        x: 0, y: 8, fg: Rgb(122, 162, 247), bg: Rgb(36, 40, 59), underline: Reset, modifier: BOLD | REVERSED,
        x: 10, y: 8, fg: Reset, bg: Rgb(36, 40, 59), underline: Reset, modifier: NONE,
        x: 28, y: 8, fg: Rgb(122, 162, 247), bg: Rgb(26, 27, 38), underline: Reset, modifier: NONE,
        x: 29, y: 8, fg: Reset, bg: Rgb(26, 27, 38), underline: Reset, modifier: NONE,
        x: 75, y: 8, fg: Rgb(122, 162, 247), bg: Rgb(26, 27, 38), underline: Reset, modifier: NONE,
        x: 76, y: 8, fg: Reset, bg: Rgb(26, 27, 38), underline: Reset, modifier: NONE,
        x: 0, y: 9, fg: Rgb(192, 202, 245), bg: Rgb(36, 40, 59), underline: Reset, modifier: NONE,
        x: 10, y: 9, fg: Reset, bg: Rgb(36, 40, 59), underline: Reset, modifier: NONE,
        x: 28, y: 9, fg: Rgb(122, 162, 247), bg: Rgb(26, 27, 38), underline: Reset, modifier: NONE,
        x: 29, y: 9, fg: Reset, bg: Rgb(26, 27, 38), underline: Reset, modifier: NONE,
        x: 75, y: 9, fg: Rgb(122, 162, 247), bg: Rgb(26, 27, 38), underline: Reset, modifier: NONE,
        x: 76, y: 9, fg: Reset, bg: Rgb(26, 27, 38), underline: Reset, modifier: NONE,
        x: 0, y: 10, fg: Rgb(192, 202, 245), bg: Rgb(36, 40, 59), underline: Reset, modifier: NONE,
        x: 12, y: 10, fg: Reset, bg: Rgb(36, 40, 59), underline: Reset, modifier: NONE,
        x: 28, y: 10, fg: Rgb(122, 162, 247), bg: Rgb(26, 27, 38), underline: Reset, modifier: NONE,
        x: 29, y: 10, fg: Reset, bg: Rgb(26, 27, 38), underline: Reset, modifier: NONE,
        x: 75, y: 10, fg: Rgb(122, 162, 247), bg: Rgb(26, 27, 38), underline: Reset, modifier: NONE,
        x: 76, y: 10, fg: Reset, bg: Rgb(26, 27, 38), underline: Reset, modifier: NONE,
        x: 0, y: 11, fg: Reset, bg: Rgb(36, 40, 59), underline: Reset, modifier: NONE,
        x: 28, y: 11, fg: Rgb(122, 162, 247), bg: Rgb(26, 27, 38), underline: Reset, modifier: NONE,
        x: 29, y: 11, fg: Reset, bg: Rgb(26, 27, 38), underline: Reset, modifier: NONE,
        x: 75, y: 11, fg: Rgb(122, 162, 247), bg: Rgb(26, 27, 38), underline: Reset, modifier: NONE,
        x: 76, y: 11, fg: Reset, bg: Rgb(26, 27, 38), underline: Reset, modifier: NONE,
        x: 0, y: 12, fg: Rgb(130, 139, 184), bg: Rgb(36, 40, 59), underline: Reset, modifier: NONE,
        x: 11, y: 12, fg: Reset, bg: Rgb(36, 40, 59), underline: Reset, modifier: NONE,
        x: 28, y: 12, fg: Rgb(122, 162, 247), bg: Rgb(26, 27, 38), underline: Reset, modifier: NONE,
        x: 29, y: 12, fg: Reset, bg: Rgb(26, 27, 38), underline: Reset, modifier: NONE,
        x: 75, y: 12, fg: Rgb(122, 162, 247), bg: Rgb(26, 27, 38), underline: Reset, modifier: NONE,
        x: 76, y: 12, fg: Reset, bg: Rgb(26, 27, 38), underline: Reset, modifier: NONE,
        x: 0, y: 13, fg: Rgb(192, 202, 245), bg: Rgb(36, 40, 59), underline: Reset, modifier: NONE,
        x: 13, y: 13, fg: Reset, bg: Rgb(36, 40, 59), underline: Reset, modifier: NONE,
        x: 28, y: 13, fg: Rgb(122, 162, 247), bg: Rgb(26, 27, 38), underline: Reset, modifier: NONE,
        x: 29, y: 13, fg: Reset, bg: Rgb(26, 27, 38), underline: Reset, modifier: NONE,
        x: 75, y: 13, fg: Rgb(122, 162, 247), bg: Rgb(26, 27, 38), underline: Reset, modifier: NONE,
        x: 76, y: 13, fg: Reset, bg: Rgb(26, 27, 38), underline: Reset, modifier: NONE,
        x: 0, y: 14, fg: Rgb(192, 202, 245), bg: Rgb(36, 40, 59), underline: Reset, modifier: NONE,
        x: 12, y: 14, fg: Reset, bg: Rgb(36, 40, 59), underline: Reset, modifier: NONE,
        x: 28, y: 14, fg: Rgb(122, 162, 247), bg: Rgb(26, 27, 38), underline: Reset, modifier: NONE,
        x: 29, y: 14, fg: Reset, bg: Rgb(26, 27, 38), underline: Reset, modifier: NONE,
        x: 75, y: 14, fg: Rgb(122, 162, 247), bg: Rgb(26, 27, 38), underline: Reset, modifier: NONE,
        x: 76, y: 14, fg: Reset, bg: Rgb(26, 27, 38), underline: Reset, modifier: NONE,
        x: 0, y: 15, fg: Reset, bg: Rgb(36, 40, 59), underline: Reset, modifier: NONE,
        x: 28, y: 15, fg: Rgb(122, 162, 247), bg: Rgb(26, 27, 38), underline: Reset, modifier: NONE,
        x: 29, y: 15, fg: Reset, bg: Rgb(26, 27, 38), underline: Reset, modifier: NONE,
        x: 75, y: 15, fg: Rgb(122, 162, 247), bg: Rgb(26, 27, 38), underline: Reset, modifier: NONE,
        x: 76, y: 15, fg: Reset, bg: Rgb(26, 27, 38), underline: Reset, modifier: NONE,
        x: 0, y: 16, fg: Reset, bg: Rgb(36, 40, 59), underline: Reset, modifier: NONE,
        x: 28, y: 16, fg: Rgb(122, 162, 247), bg: Rgb(26, 27, 38), underline: Reset, modifier: NONE,
        x: 29, y: 16, fg: Reset, bg: Rgb(26, 27, 38), underline: Reset, modifier: NONE,
        x: 75, y: 16, fg: Rgb(122, 162, 247), bg: Rgb(26, 27, 38), underline: Reset, modifier: NONE,
        x: 76, y: 16, fg: Reset, bg: Rgb(26, 27, 38), underline: Reset, modifier: NONE,
        x: 0, y: 17, fg: Reset, bg: Rgb(36, 40, 59), underline: Reset, modifier: NONE,
        x: 28, y: 17, fg: Rgb(122, 162, 247), bg: Rgb(26, 27, 38), underline: Reset, modifier: NONE,
        x: 29, y: 17, fg: Reset, bg: Rgb(26, 27, 38), underline: Reset, modifier: NONE,
        x: 75, y: 17, fg: Rgb(122, 162, 247), bg: Rgb(26, 27, 38), underline: Reset, modifier: NONE,
        x: 76, y: 17, fg: Reset, bg: Rgb(26, 27, 38), underline: Reset, modifier: NONE,
        x: 0, y: 18, fg: Reset, bg: Rgb(36, 40, 59), underline: Reset, modifier: NONE,
        x: 28, y: 18, fg: Rgb(122, 162, 247), bg: Rgb(26, 27, 38), underline: Reset, modifier: NONE,
        x: 29, y: 18, fg: Reset, bg: Rgb(26, 27, 38), underline: Reset, modifier: NONE,
        x: 75, y: 18, fg: Rgb(122, 162, 247), bg: Rgb(26, 27, 38), underline: Reset, modifier: NONE,
        x: 76, y: 18, fg: Reset, bg: Rgb(26, 27, 38), underline: Reset, modifier: NONE,
        x: 0, y: 19, fg: Reset, bg: Rgb(36, 40, 59), underline: Reset, modifier: NONE,
        x: 28, y: 19, fg: Rgb(122, 162, 247), bg: Rgb(26, 27, 38), underline: Reset, modifier: NONE,
        x: 29, y: 19, fg: Reset, bg: Rgb(26, 27, 38), underline: Reset, modifier: NONE,
        x: 75, y: 19, fg: Rgb(122, 162, 247), bg: Rgb(26, 27, 38), underline: Reset, modifier: NONE,
        x: 76, y: 19, fg: Reset, bg: Rgb(26, 27, 38), underline: Reset, modifier: NONE,
        x: 0, y: 20, fg: Reset, bg: Rgb(36, 40, 59), underline: Reset, modifier: NONE,
        x: 28, y: 20, fg: Rgb(122, 162, 247), bg: Rgb(26, 27, 38), underline: Reset, modifier: NONE,
        x: 29, y: 20, fg: Reset, bg: Rgb(26, 27, 38), underline: Reset, modifier: NONE,
        x: 75, y: 20, fg: Rgb(122, 162, 247), bg: Rgb(26, 27, 38), underline: Reset, modifier: NONE,
        x: 76, y: 20, fg: Reset, bg: Rgb(26, 27, 38), underline: Reset, modifier: NONE,
        x: 0, y: 21, fg: Reset, bg: Rgb(36, 40, 59), underline: Reset, modifier: NONE,
        x: 28, y: 21, fg: Rgb(122, 162, 247), bg: Rgb(26, 27, 38), underline: Reset, modifier: NONE,
        x: 29, y: 21, fg: Reset, bg: Rgb(26, 27, 38), underline: Reset, modifier: NONE,
        x: 75, y: 21, fg: Rgb(122, 162, 247), bg: Rgb(26, 27, 38), underline: Reset, modifier: NONE,
        x: 76, y: 21, fg: Reset, bg: Rgb(26, 27, 38), underline: Reset, modifier: NONE,
        x: 0, y: 22, fg: Reset, bg: Rgb(36, 40, 59), underline: Reset, modifier: NONE,
        x: 28, y: 22, fg: Rgb(122, 162, 247), bg: Rgb(26, 27, 38), underline: Reset, modifier: NONE,
        x: 29, y: 22, fg: Reset, bg: Rgb(26, 27, 38), underline: Reset, modifier: NONE,
        x: 75, y: 22, fg: Rgb(122, 162, 247), bg: Rgb(26, 27, 38), underline: Reset, modifier: NONE,
        x: 76, y: 22, fg: Reset, bg: Rgb(26, 27, 38), underline: Reset, modifier: NONE,
        x: 0, y: 23, fg: Reset, bg: Rgb(36, 40, 59), underline: Reset, modifier: NONE,
        x: 28, y: 23, fg: Rgb(122, 162, 247), bg: Rgb(26, 27, 38), underline: Reset, modifier: NONE,
        x: 29, y: 23, fg: Reset, bg: Rgb(26, 27, 38), underline: Reset, modifier: NONE,
        x: 75, y: 23, fg: Rgb(122, 162, 247), bg: Rgb(26, 27, 38), underline: Reset, modifier: NONE,
        x: 76, y: 23, fg: Reset, bg: Rgb(26, 27, 38), underline: Reset, modifier: NONE,
        x: 0, y: 24, fg: Reset, bg: Rgb(36, 40, 59), underline: Reset, modifier: NONE,
        x: 28, y: 24, fg: Rgb(122, 162, 247), bg: Rgb(26, 27, 38), underline: Reset, modifier: NONE,
        x: 29, y: 24, fg: Reset, bg: Rgb(26, 27, 38), underline: Reset, modifier: NONE,
        x: 75, y: 24, fg: Rgb(122, 162, 247), bg: Rgb(26, 27, 38), underline: Reset, modifier: NONE,
        x: 76, y: 24, fg: Reset, bg: Rgb(26, 27, 38), underline: Reset, modifier: NONE,
        x: 0, y: 25, fg: Reset, bg: Rgb(36, 40, 59), underline: Reset, modifier: NONE,
        x: 28, y: 25, fg: Rgb(122, 162, 247), bg: Rgb(26, 27, 38), underline: Reset, modifier: NONE,
        x: 29, y: 25, fg: Reset, bg: Rgb(26, 27, 38), underline: Reset, modifier: NONE,
        x: 75, y: 25, fg: Rgb(122, 162, 247), bg: Rgb(26, 27, 38), underline: Reset, modifier: NONE,
        x: 76, y: 25, fg: Reset, bg: Rgb(26, 27, 38), underline: Reset, modifier: NONE,
        x: 0, y: 26, fg: Reset, bg: Rgb(36, 40, 59), underline: Reset, modifier: NONE,
        x: 28, y: 26, fg: Rgb(122, 162, 247), bg: Rgb(26, 27, 38), underline: Reset, modifier: NONE,
        x: 29, y: 26, fg: Reset, bg: Rgb(26, 27, 38), underline: Reset, modifier: NONE,
        x: 75, y: 26, fg: Rgb(122, 162, 247), bg: Rgb(26, 27, 38), underline: Reset, modifier: NONE,
        x: 76, y: 26, fg: Reset, bg: Rgb(26, 27, 38), underline: Reset, modifier: NONE,
        x: 0, y: 27, fg: Reset, bg: Rgb(36, 40, 59), underline: Reset, modifier: NONE,
        x: 28, y: 27, fg: Rgb(122, 162, 247), bg: Rgb(26, 27, 38), underline: Reset, modifier: NONE,
        x: 29, y: 27, fg: Reset, bg: Rgb(26, 27, 38), underline: Reset, modifier: NONE,
        x: 75, y: 27, fg: Rgb(122, 162, 247), bg: Rgb(26, 27, 38), underline: Reset, modifier: NONE,
        x: 76, y: 27, fg: Reset, bg: Rgb(26, 27, 38), underline: Reset, modifier: NONE,
        x: 0, y: 28, fg: Reset, bg: Rgb(36, 40, 59), underline: Reset, modifier: NONE,
        x: 28, y: 28, fg: Rgb(122, 162, 247), bg: Rgb(26, 27, 38), underline: Reset, modifier: NONE,
        x: 29, y: 28, fg: Reset, bg: Rgb(26, 27, 38), underline: Reset, modifier: NONE,
        x: 75, y: 28, fg: Rgb(122, 162, 247), bg: Rgb(26, 27, 38), underline: Reset, modifier: NONE,
        x: 76, y: 28, fg: Reset, bg: Rgb(26, 27, 38), underline: Reset, modifier: NONE,
        x: 0, y: 29, fg: Reset, bg: Rgb(36, 40, 59), underline: Reset, modifier: NONE,
        x: 28, y: 29, fg: Rgb(122, 162, 247), bg: Rgb(26, 27, 38), underline: Reset, modifier: NONE,
        x: 29, y: 29, fg: Reset, bg: Rgb(26, 27, 38), underline: Reset, modifier: NONE,
        x: 75, y: 29, fg: Rgb(122, 162, 247), bg: Rgb(26, 27, 38), underline: Reset, modifier: NONE,
        x: 76, y: 29, fg: Reset, bg: Rgb(26, 27, 38), underline: Reset, modifier: NONE,
        x: 0, y: 30, fg: Reset, bg: Rgb(36, 40, 59), underline: Reset, modifier: NONE,
        x: 28, y: 30, fg: Rgb(122, 162, 247), bg: Rgb(26, 27, 38), underline: Reset, modifier: NONE,
        x: 29, y: 30, fg: Reset, bg: Rgb(26, 27, 38), underline: Reset, modifier: NONE,
        x: 75, y: 30, fg: Rgb(122, 162, 247), bg: Rgb(26, 27, 38), underline: Reset, modifier: NONE,
        x: 76, y: 30, fg: Reset, bg: Rgb(26, 27, 38), underline: Reset, modifier: NONE,
        x: 0, y: 31, fg: Reset, bg: Rgb(36, 40, 59), underline: Reset, modifier: NONE,
        x: 28, y: 31, fg: Rgb(122, 162, 247), bg: Rgb(26, 27, 38), underline: Reset, modifier: NONE,
        x: 29, y: 31, fg: Reset, bg: Rgb(26, 27, 38), underline: Reset, modifier: NONE,
        x: 75, y: 31, fg: Rgb(122, 162, 247), bg: Rgb(26, 27, 38), underline: Reset, modifier: NONE,
        x: 76, y: 31, fg: Reset, bg: Rgb(26, 27, 38), underline: Reset, modifier: NONE,
        x: 0, y: 32, fg: Reset, bg: Rgb(36, 40, 59), underline: Reset, modifier: NONE,
        x: 28, y: 32, fg: Rgb(122, 162, 247), bg: Rgb(26, 27, 38), underline: Reset, modifier: NONE,
        x: 29, y: 32, fg: Reset, bg: Rgb(26, 27, 38), underline: Reset, modifier: NONE,
        x: 75, y: 32, fg: Rgb(122, 162, 247), bg: Rgb(26, 27, 38), underline: Reset, modifier: NONE,
        x: 76, y: 32, fg: Reset, bg: Rgb(26, 27, 38), underline: Reset, modifier: NONE,
        x: 77, y: 32, fg: Rgb(122, 162, 247), bg: Rgb(26, 27, 38), underline: Reset, modifier: NONE,
        x: 83, y: 32, fg: Rgb(192, 202, 245), bg: Rgb(26, 27, 38), underline: Reset, modifier: NONE,
        x: 108, y: 32, fg: Reset, bg: Rgb(26, 27, 38), underline: Reset, modifier: NONE,
        x: 0, y: 33, fg: Reset, bg: Rgb(36, 40, 59), underline: Reset, modifier: NONE,
        x: 28, y: 33, fg: Rgb(122, 162, 247), bg: Rgb(26, 27, 38), underline: Reset, modifier: NONE,
        x: 29, y: 33, fg: Reset, bg: Rgb(26, 27, 38), underline: Reset, modifier: NONE,
        x: 75, y: 33, fg: Rgb(122, 162, 247), bg: Rgb(26, 27, 38), underline: Reset, modifier: NONE,
        x: 76, y: 33, fg: Reset, bg: Rgb(26, 27, 38), underline: Reset, modifier: NONE,
        x: 0, y: 34, fg: Reset, bg: Rgb(36, 40, 59), underline: Reset, modifier: NONE,
        x: 28, y: 34, fg: Rgb(122, 162, 247), bg: Rgb(26, 27, 38), underline: Reset, modifier: NONE,
        x: 29, y: 34, fg: Reset, bg: Rgb(26, 27, 38), underline: Reset, modifier: NONE,
        x: 75, y: 34, fg: Rgb(122, 162, 247), bg: Rgb(26, 27, 38), underline: Reset, modifier: NONE,
        x: 76, y: 34, fg: Reset, bg: Rgb(26, 27, 38), underline: Reset, modifier: NONE,
        x: 0, y: 35, fg: Reset, bg: Rgb(36, 40, 59), underline: Reset, modifier: NONE,
        x: 28, y: 35, fg: Rgb(122, 162, 247), bg: Rgb(26, 27, 38), underline: Reset, modifier: NONE,
        x: 29, y: 35, fg: Reset, bg: Rgb(26, 27, 38), underline: Reset, modifier: NONE,
        x: 75, y: 35, fg: Rgb(122, 162, 247), bg: Rgb(26, 27, 38), underline: Reset, modifier: NONE,
        x: 76, y: 35, fg: Reset, bg: Rgb(26, 27, 38), underline: Reset, modifier: NONE,
        x: 0, y: 36, fg: Reset, bg: Rgb(36, 40, 59), underline: Reset, modifier: NONE,
        x: 28, y: 36, fg: Rgb(122, 162, 247), bg: Rgb(26, 27, 38), underline: Reset, modifier: NONE,
        x: 29, y: 36, fg: Reset, bg: Rgb(26, 27, 38), underline: Reset, modifier: NONE,
        x: 75, y: 36, fg: Rgb(122, 162, 247), bg: Rgb(26, 27, 38), underline: Reset, modifier: NONE,
        x: 76, y: 36, fg: Reset, bg: Rgb(26, 27, 38), underline: Reset, modifier: NONE,
        x: 0, y: 37, fg: Reset, bg: Rgb(36, 40, 59), underline: Reset, modifier: NONE,
        x: 28, y: 37, fg: Rgb(122, 162, 247), bg: Rgb(26, 27, 38), underline: Reset, modifier: NONE,
        x: 29, y: 37, fg: Reset, bg: Rgb(26, 27, 38), underline: Reset, modifier: NONE,
        x: 75, y: 37, fg: Rgb(122, 162, 247), bg: Rgb(26, 27, 38), underline: Reset, modifier: NONE,
        x: 76, y: 37, fg: Reset, bg: Rgb(26, 27, 38), underline: Reset, modifier: NONE,
        x: 0, y: 38, fg: Reset, bg: Rgb(36, 40, 59), underline: Reset, modifier: NONE,
        x: 28, y: 38, fg: Rgb(122, 162, 247), bg: Rgb(26, 27, 38), underline: Reset, modifier: NONE,
        x: 29, y: 38, fg: Reset, bg: Rgb(26, 27, 38), underline: Reset, modifier: NONE,
        x: 75, y: 38, fg: Rgb(122, 162, 247), bg: Rgb(26, 27, 38), underline: Reset, modifier: NONE,
        x: 76, y: 38, fg: Reset, bg: Rgb(26, 27, 38), underline: Reset, modifier: NONE,
        x: 0, y: 39, fg: Reset, bg: Rgb(36, 40, 59), underline: Reset, modifier: NONE,
        x: 28, y: 39, fg: Rgb(122, 162, 247), bg: Rgb(26, 27, 38), underline: Reset, modifier: NONE,
        x: 29, y: 39, fg: Reset, bg: Rgb(26, 27, 38), underline: Reset, modifier: NONE,
        x: 75, y: 39, fg: Rgb(122, 162, 247), bg: Rgb(26, 27, 38), underline: Reset, modifier: NONE,
        x: 76, y: 39, fg: Reset, bg: Rgb(26, 27, 38), underline: Reset, modifier: NONE,
        x: 0, y: 40, fg: Reset, bg: Rgb(36, 40, 59), underline: Reset, modifier: NONE,
        x: 28, y: 40, fg: Rgb(122, 162, 247), bg: Rgb(26, 27, 38), underline: Reset, modifier: NONE,
        x: 29, y: 40, fg: Reset, bg: Rgb(26, 27, 38), underline: Reset, modifier: NONE,
        x: 75, y: 40, fg: Rgb(122, 162, 247), bg: Rgb(26, 27, 38), underline: Reset, modifier: NONE,
        x: 76, y: 40, fg: Reset, bg: Rgb(26, 27, 38), underline: Reset, modifier: NONE,
        x: 0, y: 41, fg: Reset, bg: Rgb(36, 40, 59), underline: Reset, modifier: NONE,
        x: 28, y: 41, fg: Rgb(122, 162, 247), bg: Rgb(26, 27, 38), underline: Reset, modifier: NONE,
        x: 29, y: 41, fg: Reset, bg: Rgb(26, 27, 38), underline: Reset, modifier: NONE,
        x: 75, y: 41, fg: Rgb(122, 162, 247), bg: Rgb(26, 27, 38), underline: Reset, modifier: NONE,
        x: 76, y: 41, fg: Reset, bg: Rgb(26, 27, 38), underline: Reset, modifier: NONE,
        x: 0, y: 42, fg: Reset, bg: Rgb(36, 40, 59), underline: Reset, modifier: NONE,
        x: 28, y: 42, fg: Rgb(122, 162, 247), bg: Rgb(26, 27, 38), underline: Reset, modifier: NONE,
        x: 29, y: 42, fg: Reset, bg: Rgb(26, 27, 38), underline: Reset, modifier: NONE,
        x: 75, y: 42, fg: Rgb(122, 162, 247), bg: Rgb(26, 27, 38), underline: Reset, modifier: NONE,
        x: 76, y: 42, fg: Reset, bg: Rgb(26, 27, 38), underline: Reset, modifier: NONE,
        x: 0, y: 43, fg: Reset, bg: Rgb(36, 40, 59), underline: Reset, modifier: NONE,
        x: 28, y: 43, fg: Rgb(122, 162, 247), bg: Rgb(26, 27, 38), underline: Reset, modifier: NONE,
        x: 29, y: 43, fg: Reset, bg: Rgb(26, 27, 38), underline: Reset, modifier: NONE,
        x: 75, y: 43, fg: Rgb(122, 162, 247), bg: Rgb(26, 27, 38), underline: Reset, modifier: NONE,
        x: 76, y: 43, fg: Reset, bg: Rgb(26, 27, 38), underline: Reset, modifier: NONE,
        x: 0, y: 44, fg: Reset, bg: Rgb(36, 40, 59), underline: Reset, modifier: NONE,
        x: 28, y: 44, fg: Rgb(122, 162, 247), bg: Rgb(26, 27, 38), underline: Reset, modifier: NONE,
        x: 29, y: 44, fg: Reset, bg: Rgb(26, 27, 38), underline: Reset, modifier: NONE,
        x: 75, y: 44, fg: Rgb(122, 162, 247), bg: Rgb(26, 27, 38), underline: Reset, modifier: NONE,
        x: 76, y: 44, fg: Reset, bg: Rgb(26, 27, 38), underline: Reset, modifier: NONE,
        x: 0, y: 45, fg: Reset, bg: Rgb(36, 40, 59), underline: Reset, modifier: NONE,
        x: 28, y: 45, fg: Rgb(122, 162, 247), bg: Rgb(26, 27, 38), underline: Reset, modifier: NONE,
        x: 29, y: 45, fg: Reset, bg: Rgb(26, 27, 38), underline: Reset, modifier: NONE,
        x: 75, y: 45, fg: Rgb(122, 162, 247), bg: Rgb(26, 27, 38), underline: Reset, modifier: NONE,
        x: 76, y: 45, fg: Reset, bg: Rgb(26, 27, 38), underline: Reset, modifier: NONE,
        x: 0, y: 46, fg: Reset, bg: Rgb(36, 40, 59), underline: Reset, modifier: NONE,
        x: 28, y: 46, fg: Rgb(122, 162, 247), bg: Rgb(26, 27, 38), underline: Reset, modifier: NONE,
        x: 29, y: 46, fg: Reset, bg: Rgb(26, 27, 38), underline: Reset, modifier: NONE,
        x: 75, y: 46, fg: Rgb(122, 162, 247), bg: Rgb(26, 27, 38), underline: Reset, modifier: NONE,
        x: 76, y: 46, fg: Reset, bg: Rgb(26, 27, 38), underline: Reset, modifier: NONE,
        x: 0, y: 47, fg: Reset, bg: Rgb(36, 40, 59), underline: Reset, modifier: NONE,
        x: 28, y: 47, fg: Rgb(122, 162, 247), bg: Rgb(26, 27, 38), underline: Reset, modifier: NONE,
        x: 29, y: 47, fg: Reset, bg: Rgb(26, 27, 38), underline: Reset, modifier: NONE,
        x: 75, y: 47, fg: Rgb(122, 162, 247), bg: Rgb(26, 27, 38), underline: Reset, modifier: NONE,
        x: 76, y: 47, fg: Reset, bg: Rgb(26, 27, 38), underline: Reset, modifier: NONE,
        x: 0, y: 48, fg: Reset, bg: Rgb(36, 40, 59), underline: Reset, modifier: NONE,
        x: 28, y: 48, fg: Rgb(122, 162, 247), bg: Rgb(26, 27, 38), underline: Reset, modifier: NONE,
        x: 29, y: 48, fg: Reset, bg: Rgb(26, 27, 38), underline: Reset, modifier: NONE,
        x: 75, y: 48, fg: Rgb(122, 162, 247), bg: Rgb(26, 27, 38), underline: Reset, modifier: NONE,
        x: 76, y: 48, fg: Reset, bg: Rgb(26, 27, 38), underline: Reset, modifier: NONE,
        x: 0, y: 49, fg: Reset, bg: Rgb(36, 40, 59), underline: Reset, modifier: NONE,
        x: 28, y: 49, fg: Rgb(122, 162, 247), bg: Rgb(26, 27, 38), underline: Reset, modifier: NONE,
        x: 29, y: 49, fg: Reset, bg: Rgb(26, 27, 38), underline: Reset, modifier: NONE,
        x: 75, y: 49, fg: Rgb(122, 162, 247), bg: Rgb(26, 27, 38), underline: Reset, modifier: NONE,
        x: 76, y: 49, fg: Reset, bg: Rgb(26, 27, 38), underline: Reset, modifier: NONE,
        x: 0, y: 50, fg: Reset, bg: Rgb(36, 40, 59), underline: Reset, modifier: NONE,
        x: 28, y: 50, fg: Rgb(122, 162, 247), bg: Rgb(26, 27, 38), underline: Reset, modifier: NONE,
        x: 29, y: 50, fg: Reset, bg: Rgb(26, 27, 38), underline: Reset, modifier: NONE,
        x: 75, y: 50, fg: Rgb(122, 162, 247), bg: Rgb(26, 27, 38), underline: Reset, modifier: NONE,
        x: 76, y: 50, fg: Reset, bg: Rgb(26, 27, 38), underline: Reset, modifier: NONE,
        x: 0, y: 51, fg: Reset, bg: Rgb(36, 40, 59), underline: Reset, modifier: NONE,
        x: 28, y: 51, fg: Rgb(122, 162, 247), bg: Rgb(26, 27, 38), underline: Reset, modifier: NONE,
        x: 29, y: 51, fg: Reset, bg: Rgb(26, 27, 38), underline: Reset, modifier: NONE,
        x: 75, y: 51, fg: Rgb(122, 162, 247), bg: Rgb(26, 27, 38), underline: Reset, modifier: NONE,
        x: 76, y: 51, fg: Reset, bg: Rgb(26, 27, 38), underline: Reset, modifier: NONE,
        x: 0, y: 52, fg: Reset, bg: Rgb(36, 40, 59), underline: Reset, modifier: NONE,
        x: 28, y: 52, fg: Rgb(122, 162, 247), bg: Rgb(26, 27, 38), underline: Reset, modifier: NONE,
        x: 29, y: 52, fg: Reset, bg: Rgb(26, 27, 38), underline: Reset, modifier: NONE,
        x: 75, y: 52, fg: Rgb(122, 162, 247), bg: Rgb(26, 27, 38), underline: Reset, modifier: NONE,
        x: 76, y: 52, fg: Reset, bg: Rgb(26, 27, 38), underline: Reset, modifier: NONE,
        x: 0, y: 53, fg: Reset, bg: Rgb(36, 40, 59), underline: Reset, modifier: NONE,
        x: 28, y: 53, fg: Rgb(122, 162, 247), bg: Rgb(26, 27, 38), underline: Reset, modifier: NONE,
        x: 29, y: 53, fg: Reset, bg: Rgb(26, 27, 38), underline: Reset, modifier: NONE,
        x: 75, y: 53, fg: Rgb(122, 162, 247), bg: Rgb(26, 27, 38), underline: Reset, modifier: NONE,
        x: 76, y: 53, fg: Reset, bg: Rgb(26, 27, 38), underline: Reset, modifier: NONE,
        x: 0, y: 54, fg: Reset, bg: Rgb(36, 40, 59), underline: Reset, modifier: NONE,
        x: 28, y: 54, fg: Rgb(122, 162, 247), bg: Rgb(26, 27, 38), underline: Reset, modifier: NONE,
        x: 29, y: 54, fg: Reset, bg: Rgb(26, 27, 38), underline: Reset, modifier: NONE,
        x: 75, y: 54, fg: Rgb(122, 162, 247), bg: Rgb(26, 27, 38), underline: Reset, modifier: NONE,
        x: 76, y: 54, fg: Reset, bg: Rgb(26, 27, 38), underline: Reset, modifier: NONE,
        x: 0, y: 55, fg: Reset, bg: Rgb(36, 40, 59), underline: Reset, modifier: NONE,
        x: 28, y: 55, fg: Rgb(122, 162, 247), bg: Rgb(26, 27, 38), underline: Reset, modifier: NONE,
        x: 29, y: 55, fg: Reset, bg: Rgb(26, 27, 38), underline: Reset, modifier: NONE,
        x: 75, y: 55, fg: Rgb(122, 162, 247), bg: Rgb(26, 27, 38), underline: Reset, modifier: NONE,
        x: 76, y: 55, fg: Reset, bg: Rgb(26, 27, 38), underline: Reset, modifier: NONE,
        x: 0, y: 56, fg: Reset, bg: Rgb(36, 40, 59), underline: Reset, modifier: NONE,
        x: 28, y: 56, fg: Rgb(122, 162, 247), bg: Rgb(26, 27, 38), underline: Reset, modifier: NONE,
        x: 29, y: 56, fg: Reset, bg: Rgb(26, 27, 38), underline: Reset, modifier: NONE,
        x: 75, y: 56, fg: Rgb(122, 162, 247), bg: Rgb(26, 27, 38), underline: Reset, modifier: NONE,
        x: 76, y: 56, fg: Reset, bg: Rgb(26, 27, 38), underline: Reset, modifier: NONE,
        x: 0, y: 57, fg: Reset, bg: Rgb(36, 40, 59), underline: Reset, modifier: NONE,
        x: 28, y: 57, fg: Rgb(122, 162, 247), bg: Rgb(26, 27, 38), underline: Reset, modifier: NONE,
        x: 29, y: 57, fg: Reset, bg: Rgb(26, 27, 38), underline: Reset, modifier: NONE,
        x: 75, y: 57, fg: Rgb(122, 162, 247), bg: Rgb(26, 27, 38), underline: Reset, modifier: NONE,
        x: 76, y: 57, fg: Reset, bg: Rgb(26, 27, 38), underline: Reset, modifier: NONE,
        x: 0, y: 58, fg: Reset, bg: Rgb(36, 40, 59), underline: Reset, modifier: NONE,
        x: 28, y: 58, fg: Rgb(122, 162, 247), bg: Rgb(26, 27, 38), underline: Reset, modifier: NONE,
        x: 76, y: 58, fg: Rgb(192, 202, 245), bg: Rgb(26, 27, 38), underline: Reset, modifier: BOLD,
        x: 101, y: 58, fg: Rgb(122, 162, 247), bg: Rgb(26, 27, 38), underline: Reset, modifier: NONE,
        x: 132, y: 58, fg: Reset, bg: Rgb(26, 27, 38), underline: Reset, modifier: NONE,
        x: 0, y: 59, fg: Rgb(130, 139, 184), bg: Rgb(36, 40, 59), underline: Reset, modifier: NONE,
    ]
}
