---
source: crates/coducktor-tui/src/screens/ide/mod.rs
expression: terminal.backend().buffer()
---
Buffer {
    area: Rect { x: 0, y: 0, width: 120, height: 40 },
    content: [
        " [=] coducktor / main /p/main/ide  [running 0] [needs 0]                                                                ",
        "  PROJECTS                  IDE — project root  folder too large to show every entry                                    ",
        "  - main                    ┌Files───────────────────────┐┌README.md  ✓ saved──────────────────────────────────────────┐",
        "    Chats                   │▸ src                       ││1 fn main() {                                               │",
        "    Scratchpad              │  README.md  1 KB           ││2     println!("hello");                                    │",
        "  ▸ IDE                     │… folder too large to show e││3 }                                                         │",
        "    Terminal                │                            ││4                                                           │",
        "    Git                     │                            ││                                                            │",
        "    GitHub                  │                            ││                                                            │",
        "    Skills                  │                            ││                                                            │",
        "    Settings                │                            ││                                                            │",
        "                            │                            ││                                                            │",
        "  WORKSPACE                 │                            ││                                                            │",
        "    All chats               │                            ││                                                            │",
        "    Settings                │                            ││                                                            │",
        "                            │                            ││                                                            │",
        "                            │                            ││                                                            │",
        "                            │                            ││                                                            │",
        "                            │                            ││                                                            │",
        "                            │                            ││                                                            │",
        "                            │                            ││                                                            │",
        "                            │                            ││                                                            │",
        "                            │                            ││                                                            │",
        "                            │                            ││                                                            │",
        "                            │                            ││                                                            │",
        "                            │                            ││                                                            │",
        "                            │                            ││                                                            │",
        "                            │                            ││                                                            │",
        "                            │                            ││                                                            │",
        "                            │                            ││                                                            │",
        "                            │                            ││                                                            │",
        "                            │                            ││                                                            │",
        "                            │                            ││                                                            │",
        "                            │                            ││                                                            │",
        "                            │                            ││                                                            │",
        "                            │                            ││                                                            │",
        "                            │                            ││                                                            │",
        "                            │.git and symlinks are hidden││UTF-8 · Ctrl+S save · Ctrl+E open in $EDITOR · 1 MB edit cap│",
        "                            └────────────────────────────┘└────────────────────────────────────────────────────────────┘",
        " INSERT  FOCUS: EDITOR — edit file · Ctrl+S save  ·  main  lazyvim  v0.1.0  [providers --]  :help                       ",
    ],
    styles: [
        x: 0, y: 0, fg: Rgb(122, 162, 247), bg: Rgb(36, 40, 59), underline: Reset, modifier: BOLD,
        x: 15, y: 0, fg: Rgb(192, 202, 245), bg: Rgb(36, 40, 59), underline: Reset, modifier: NONE,
        x: 33, y: 0, fg: Reset, bg: Rgb(36, 40, 59), underline: Reset, modifier: NONE,
        x: 35, y: 0, fg: Rgb(100, 180, 255), bg: Rgb(36, 40, 59), underline: Reset, modifier: NONE,
        x: 46, y: 0, fg: Reset, bg: Rgb(36, 40, 59), underline: Reset, modifier: NONE,
        x: 47, y: 0, fg: Rgb(245, 190, 80), bg: Rgb(36, 40, 59), underline: Reset, modifier: NONE,
        x: 56, y: 0, fg: Reset, bg: Rgb(36, 40, 59), underline: Reset, modifier: NONE,
        x: 0, y: 1, fg: Rgb(130, 139, 184), bg: Rgb(36, 40, 59), underline: Reset, modifier: NONE,
        x: 10, y: 1, fg: Reset, bg: Rgb(36, 40, 59), underline: Reset, modifier: NONE,
        x: 28, y: 1, fg: Rgb(192, 202, 245), bg: Rgb(26, 27, 38), underline: Reset, modifier: BOLD,
        x: 46, y: 1, fg: Reset, bg: Rgb(26, 27, 38), underline: Reset, modifier: NONE,
        x: 48, y: 1, fg: Rgb(245, 190, 80), bg: Rgb(26, 27, 38), underline: Reset, modifier: NONE,
        x: 84, y: 1, fg: Reset, bg: Rgb(26, 27, 38), underline: Reset, modifier: NONE,
        x: 0, y: 2, fg: Rgb(122, 162, 247), bg: Rgb(36, 40, 59), underline: Reset, modifier: BOLD,
        x: 8, y: 2, fg: Reset, bg: Rgb(36, 40, 59), underline: Reset, modifier: NONE,
        x: 28, y: 2, fg: Reset, bg: Rgb(26, 27, 38), underline: Reset, modifier: NONE,
        x: 0, y: 3, fg: Rgb(192, 202, 245), bg: Rgb(36, 40, 59), underline: Reset, modifier: NONE,
        x: 9, y: 3, fg: Reset, bg: Rgb(36, 40, 59), underline: Reset, modifier: NONE,
        x: 28, y: 3, fg: Reset, bg: Rgb(26, 27, 38), underline: Reset, modifier: NONE,
        x: 29, y: 3, fg: Rgb(192, 202, 245), bg: Rgb(26, 27, 38), underline: Reset, modifier: NONE,
        x: 34, y: 3, fg: Reset, bg: Rgb(26, 27, 38), underline: Reset, modifier: NONE,
        x: 59, y: 3, fg: Rgb(130, 139, 184), bg: Rgb(26, 27, 38), underline: Reset, modifier: NONE,
        x: 60, y: 3, fg: Reset, bg: Rgb(26, 27, 38), underline: Reset, modifier: NONE,
        x: 61, y: 3, fg: Rgb(216, 222, 233), bg: Rgb(26, 27, 38), underline: Reset, modifier: REVERSED,
        x: 62, y: 3, fg: Rgb(216, 222, 233), bg: Rgb(26, 27, 38), underline: Reset, modifier: NONE,
        x: 72, y: 3, fg: Reset, bg: Rgb(26, 27, 38), underline: Reset, modifier: NONE,
        x: 0, y: 4, fg: Rgb(192, 202, 245), bg: Rgb(36, 40, 59), underline: Reset, modifier: NONE,
        x: 14, y: 4, fg: Reset, bg: Rgb(36, 40, 59), underline: Reset, modifier: NONE,
        x: 28, y: 4, fg: Reset, bg: Rgb(26, 27, 38), underline: Reset, modifier: NONE,
        x: 29, y: 4, fg: Rgb(192, 202, 245), bg: Rgb(26, 27, 38), underline: Reset, modifier: REVERSED,
        x: 40, y: 4, fg: Rgb(130, 139, 184), bg: Rgb(26, 27, 38), underline: Reset, modifier: NONE,
        x: 46, y: 4, fg: Reset, bg: Rgb(26, 27, 38), underline: Reset, modifier: NONE,
        x: 59, y: 4, fg: Rgb(130, 139, 184), bg: Rgb(26, 27, 38), underline: Reset, modifier: NONE,
        x: 60, y: 4, fg: Reset, bg: Rgb(26, 27, 38), underline: Reset, modifier: NONE,
        x: 61, y: 4, fg: Rgb(216, 222, 233), bg: Rgb(26, 27, 38), underline: Reset, modifier: NONE,
        x: 83, y: 4, fg: Reset, bg: Rgb(26, 27, 38), underline: Reset, modifier: NONE,
        x: 0, y: 5, fg: Rgb(122, 162, 247), bg: Rgb(36, 40, 59), underline: Reset, modifier: BOLD | REVERSED,
        x: 7, y: 5, fg: Reset, bg: Rgb(36, 40, 59), underline: Reset, modifier: NONE,
        x: 28, y: 5, fg: Reset, bg: Rgb(26, 27, 38), underline: Reset, modifier: NONE,
        x: 29, y: 5, fg: Rgb(245, 190, 80), bg: Rgb(26, 27, 38), underline: Reset, modifier: NONE,
        x: 57, y: 5, fg: Reset, bg: Rgb(26, 27, 38), underline: Reset, modifier: NONE,
        x: 59, y: 5, fg: Rgb(130, 139, 184), bg: Rgb(26, 27, 38), underline: Reset, modifier: NONE,
        x: 60, y: 5, fg: Reset, bg: Rgb(26, 27, 38), underline: Reset, modifier: NONE,
        x: 61, y: 5, fg: Rgb(216, 222, 233), bg: Rgb(26, 27, 38), underline: Reset, modifier: NONE,
        x: 62, y: 5, fg: Reset, bg: Rgb(26, 27, 38), underline: Reset, modifier: NONE,
        x: 0, y: 6, fg: Rgb(192, 202, 245), bg: Rgb(36, 40, 59), underline: Reset, modifier: NONE,
        x: 12, y: 6, fg: Reset, bg: Rgb(36, 40, 59), underline: Reset, modifier: NONE,
        x: 28, y: 6, fg: Reset, bg: Rgb(26, 27, 38), underline: Reset, modifier: NONE,
        x: 59, y: 6, fg: Rgb(130, 139, 184), bg: Rgb(26, 27, 38), underline: Reset, modifier: NONE,
        x: 60, y: 6, fg: Reset, bg: Rgb(26, 27, 38), underline: Reset, modifier: NONE,
        x: 0, y: 7, fg: Rgb(192, 202, 245), bg: Rgb(36, 40, 59), underline: Reset, modifier: NONE,
        x: 7, y: 7, fg: Reset, bg: Rgb(36, 40, 59), underline: Reset, modifier: NONE,
        x: 28, y: 7, fg: Reset, bg: Rgb(26, 27, 38), underline: Reset, modifier: NONE,
        x: 0, y: 8, fg: Rgb(192, 202, 245), bg: Rgb(36, 40, 59), underline: Reset, modifier: NONE,
        x: 10, y: 8, fg: Reset, bg: Rgb(36, 40, 59), underline: Reset, modifier: NONE,
        x: 28, y: 8, fg: Reset, bg: Rgb(26, 27, 38), underline: Reset, modifier: NONE,
        x: 0, y: 9, fg: Rgb(192, 202, 245), bg: Rgb(36, 40, 59), underline: Reset, modifier: NONE,
        x: 10, y: 9, fg: Reset, bg: Rgb(36, 40, 59), underline: Reset, modifier: NONE,
        x: 28, y: 9, fg: Reset, bg: Rgb(26, 27, 38), underline: Reset, modifier: NONE,
        x: 0, y: 10, fg: Rgb(192, 202, 245), bg: Rgb(36, 40, 59), underline: Reset, modifier: NONE,
        x: 12, y: 10, fg: Reset, bg: Rgb(36, 40, 59), underline: Reset, modifier: NONE,
        x: 28, y: 10, fg: Reset, bg: Rgb(26, 27, 38), underline: Reset, modifier: NONE,
        x: 0, y: 11, fg: Reset, bg: Rgb(36, 40, 59), underline: Reset, modifier: NONE,
        x: 28, y: 11, fg: Reset, bg: Rgb(26, 27, 38), underline: Reset, modifier: NONE,
        x: 0, y: 12, fg: Rgb(130, 139, 184), bg: Rgb(36, 40, 59), underline: Reset, modifier: NONE,
        x: 11, y: 12, fg: Reset, bg: Rgb(36, 40, 59), underline: Reset, modifier: NONE,
        x: 28, y: 12, fg: Reset, bg: Rgb(26, 27, 38), underline: Reset, modifier: NONE,
        x: 0, y: 13, fg: Rgb(192, 202, 245), bg: Rgb(36, 40, 59), underline: Reset, modifier: NONE,
        x: 13, y: 13, fg: Reset, bg: Rgb(36, 40, 59), underline: Reset, modifier: NONE,
        x: 28, y: 13, fg: Reset, bg: Rgb(26, 27, 38), underline: Reset, modifier: NONE,
        x: 0, y: 14, fg: Rgb(192, 202, 245), bg: Rgb(36, 40, 59), underline: Reset, modifier: NONE,
        x: 12, y: 14, fg: Reset, bg: Rgb(36, 40, 59), underline: Reset, modifier: NONE,
        x: 28, y: 14, fg: Reset, bg: Rgb(26, 27, 38), underline: Reset, modifier: NONE,
        x: 0, y: 15, fg: Reset, bg: Rgb(36, 40, 59), underline: Reset, modifier: NONE,
        x: 28, y: 15, fg: Reset, bg: Rgb(26, 27, 38), underline: Reset, modifier: NONE,
        x: 0, y: 16, fg: Reset, bg: Rgb(36, 40, 59), underline: Reset, modifier: NONE,
        x: 28, y: 16, fg: Reset, bg: Rgb(26, 27, 38), underline: Reset, modifier: NONE,
        x: 0, y: 17, fg: Reset, bg: Rgb(36, 40, 59), underline: Reset, modifier: NONE,
        x: 28, y: 17, fg: Reset, bg: Rgb(26, 27, 38), underline: Reset, modifier: NONE,
        x: 0, y: 18, fg: Reset, bg: Rgb(36, 40, 59), underline: Reset, modifier: NONE,
        x: 28, y: 18, fg: Reset, bg: Rgb(26, 27, 38), underline: Reset, modifier: NONE,
        x: 0, y: 19, fg: Reset, bg: Rgb(36, 40, 59), underline: Reset, modifier: NONE,
        x: 28, y: 19, fg: Reset, bg: Rgb(26, 27, 38), underline: Reset, modifier: NONE,
        x: 0, y: 20, fg: Reset, bg: Rgb(36, 40, 59), underline: Reset, modifier: NONE,
        x: 28, y: 20, fg: Reset, bg: Rgb(26, 27, 38), underline: Reset, modifier: NONE,
        x: 0, y: 21, fg: Reset, bg: Rgb(36, 40, 59), underline: Reset, modifier: NONE,
        x: 28, y: 21, fg: Reset, bg: Rgb(26, 27, 38), underline: Reset, modifier: NONE,
        x: 0, y: 22, fg: Reset, bg: Rgb(36, 40, 59), underline: Reset, modifier: NONE,
        x: 28, y: 22, fg: Reset, bg: Rgb(26, 27, 38), underline: Reset, modifier: NONE,
        x: 0, y: 23, fg: Reset, bg: Rgb(36, 40, 59), underline: Reset, modifier: NONE,
        x: 28, y: 23, fg: Reset, bg: Rgb(26, 27, 38), underline: Reset, modifier: NONE,
        x: 0, y: 24, fg: Reset, bg: Rgb(36, 40, 59), underline: Reset, modifier: NONE,
        x: 28, y: 24, fg: Reset, bg: Rgb(26, 27, 38), underline: Reset, modifier: NONE,
        x: 0, y: 25, fg: Reset, bg: Rgb(36, 40, 59), underline: Reset, modifier: NONE,
        x: 28, y: 25, fg: Reset, bg: Rgb(26, 27, 38), underline: Reset, modifier: NONE,
        x: 0, y: 26, fg: Reset, bg: Rgb(36, 40, 59), underline: Reset, modifier: NONE,
        x: 28, y: 26, fg: Reset, bg: Rgb(26, 27, 38), underline: Reset, modifier: NONE,
        x: 0, y: 27, fg: Reset, bg: Rgb(36, 40, 59), underline: Reset, modifier: NONE,
        x: 28, y: 27, fg: Reset, bg: Rgb(26, 27, 38), underline: Reset, modifier: NONE,
        x: 0, y: 28, fg: Reset, bg: Rgb(36, 40, 59), underline: Reset, modifier: NONE,
        x: 28, y: 28, fg: Reset, bg: Rgb(26, 27, 38), underline: Reset, modifier: NONE,
        x: 0, y: 29, fg: Reset, bg: Rgb(36, 40, 59), underline: Reset, modifier: NONE,
        x: 28, y: 29, fg: Reset, bg: Rgb(26, 27, 38), underline: Reset, modifier: NONE,
        x: 0, y: 30, fg: Reset, bg: Rgb(36, 40, 59), underline: Reset, modifier: NONE,
        x: 28, y: 30, fg: Reset, bg: Rgb(26, 27, 38), underline: Reset, modifier: NONE,
        x: 0, y: 31, fg: Reset, bg: Rgb(36, 40, 59), underline: Reset, modifier: NONE,
        x: 28, y: 31, fg: Reset, bg: Rgb(26, 27, 38), underline: Reset, modifier: NONE,
        x: 0, y: 32, fg: Reset, bg: Rgb(36, 40, 59), underline: Reset, modifier: NONE,
        x: 28, y: 32, fg: Reset, bg: Rgb(26, 27, 38), underline: Reset, modifier: NONE,
        x: 0, y: 33, fg: Reset, bg: Rgb(36, 40, 59), underline: Reset, modifier: NONE,
        x: 28, y: 33, fg: Reset, bg: Rgb(26, 27, 38), underline: Reset, modifier: NONE,
        x: 0, y: 34, fg: Reset, bg: Rgb(36, 40, 59), underline: Reset, modifier: NONE,
        x: 28, y: 34, fg: Reset, bg: Rgb(26, 27, 38), underline: Reset, modifier: NONE,
        x: 0, y: 35, fg: Reset, bg: Rgb(36, 40, 59), underline: Reset, modifier: NONE,
        x: 28, y: 35, fg: Reset, bg: Rgb(26, 27, 38), underline: Reset, modifier: NONE,
        x: 0, y: 36, fg: Reset, bg: Rgb(36, 40, 59), underline: Reset, modifier: NONE,
        x: 28, y: 36, fg: Reset, bg: Rgb(26, 27, 38), underline: Reset, modifier: NONE,
        x: 0, y: 37, fg: Reset, bg: Rgb(36, 40, 59), underline: Reset, modifier: NONE,
        x: 28, y: 37, fg: Reset, bg: Rgb(26, 27, 38), underline: Reset, modifier: NONE,
        x: 29, y: 37, fg: Rgb(130, 139, 184), bg: Rgb(26, 27, 38), underline: Reset, modifier: NONE,
        x: 57, y: 37, fg: Reset, bg: Rgb(26, 27, 38), underline: Reset, modifier: NONE,
        x: 59, y: 37, fg: Rgb(130, 139, 184), bg: Rgb(26, 27, 38), underline: Reset, modifier: NONE,
        x: 119, y: 37, fg: Reset, bg: Rgb(26, 27, 38), underline: Reset, modifier: NONE,
        x: 0, y: 38, fg: Reset, bg: Rgb(36, 40, 59), underline: Reset, modifier: NONE,
        x: 28, y: 38, fg: Reset, bg: Rgb(26, 27, 38), underline: Reset, modifier: NONE,
        x: 0, y: 39, fg: Rgb(130, 139, 184), bg: Rgb(36, 40, 59), underline: Reset, modifier: NONE,
    ]
}
